Archive member included because of file (symbol)

c:/program files (x86)/gnu tools arm embedded/4.9 2014q4/bin/../lib/gcc/arm-none-eabi/4.9.3/armv6-m\libgcc.a(_udivsi3.o)
                              ..\obj\stm32f0xx_rcc.o (__aeabi_uidiv)
c:/program files (x86)/gnu tools arm embedded/4.9 2014q4/bin/../lib/gcc/arm-none-eabi/4.9.3/armv6-m\libgcc.a(_dvmd_tls.o)
                              c:/program files (x86)/gnu tools arm embedded/4.9 2014q4/bin/../lib/gcc/arm-none-eabi/4.9.3/armv6-m\libgcc.a(_udivsi3.o) (__aeabi_idiv0)
c:/program files (x86)/gnu tools arm embedded/4.9 2014q4/bin/../lib/gcc/arm-none-eabi/4.9.3/armv6-m\libgcc.a(_arm_cmpdf2.o)
                              ..\obj\hd44780.o (__aeabi_dcmplt)
c:/program files (x86)/gnu tools arm embedded/4.9 2014q4/bin/../lib/gcc/arm-none-eabi/4.9.3/armv6-m\libgcc.a(_arm_cmpsf2.o)
                              ..\obj\hd44780.o (__aeabi_fcmplt)
c:/program files (x86)/gnu tools arm embedded/4.9 2014q4/bin/../lib/gcc/arm-none-eabi/4.9.3/armv6-m\libgcc.a(_fixunssfsi.o)
                              ..\obj\hd44780.o (__aeabi_f2uiz)
c:/program files (x86)/gnu tools arm embedded/4.9 2014q4/bin/../lib/gcc/arm-none-eabi/4.9.3/armv6-m\libgcc.a(_fixunsdfsi.o)
                              ..\obj\hd44780.o (__aeabi_d2uiz)
c:/program files (x86)/gnu tools arm embedded/4.9 2014q4/bin/../lib/gcc/arm-none-eabi/4.9.3/armv6-m\libgcc.a(divsf3.o)
                              ..\obj\hd44780.o (__aeabi_fdiv)
c:/program files (x86)/gnu tools arm embedded/4.9 2014q4/bin/../lib/gcc/arm-none-eabi/4.9.3/armv6-m\libgcc.a(eqsf2.o)
                              c:/program files (x86)/gnu tools arm embedded/4.9 2014q4/bin/../lib/gcc/arm-none-eabi/4.9.3/armv6-m\libgcc.a(_arm_cmpsf2.o) (__eqsf2)
c:/program files (x86)/gnu tools arm embedded/4.9 2014q4/bin/../lib/gcc/arm-none-eabi/4.9.3/armv6-m\libgcc.a(gesf2.o)
                              c:/program files (x86)/gnu tools arm embedded/4.9 2014q4/bin/../lib/gcc/arm-none-eabi/4.9.3/armv6-m\libgcc.a(_arm_cmpsf2.o) (__gesf2)
c:/program files (x86)/gnu tools arm embedded/4.9 2014q4/bin/../lib/gcc/arm-none-eabi/4.9.3/armv6-m\libgcc.a(lesf2.o)
                              c:/program files (x86)/gnu tools arm embedded/4.9 2014q4/bin/../lib/gcc/arm-none-eabi/4.9.3/armv6-m\libgcc.a(_arm_cmpsf2.o) (__lesf2)
c:/program files (x86)/gnu tools arm embedded/4.9 2014q4/bin/../lib/gcc/arm-none-eabi/4.9.3/armv6-m\libgcc.a(mulsf3.o)
                              ..\obj\hd44780.o (__aeabi_fmul)
c:/program files (x86)/gnu tools arm embedded/4.9 2014q4/bin/../lib/gcc/arm-none-eabi/4.9.3/armv6-m\libgcc.a(subsf3.o)
                              c:/program files (x86)/gnu tools arm embedded/4.9 2014q4/bin/../lib/gcc/arm-none-eabi/4.9.3/armv6-m\libgcc.a(_fixunssfsi.o) (__aeabi_fsub)
c:/program files (x86)/gnu tools arm embedded/4.9 2014q4/bin/../lib/gcc/arm-none-eabi/4.9.3/armv6-m\libgcc.a(fixsfsi.o)
                              c:/program files (x86)/gnu tools arm embedded/4.9 2014q4/bin/../lib/gcc/arm-none-eabi/4.9.3/armv6-m\libgcc.a(_fixunssfsi.o) (__aeabi_f2iz)
c:/program files (x86)/gnu tools arm embedded/4.9 2014q4/bin/../lib/gcc/arm-none-eabi/4.9.3/armv6-m\libgcc.a(floatunsisf.o)
                              ..\obj\hd44780.o (__aeabi_ui2f)
c:/program files (x86)/gnu tools arm embedded/4.9 2014q4/bin/../lib/gcc/arm-none-eabi/4.9.3/armv6-m\libgcc.a(divdf3.o)
                              ..\obj\hd44780.o (__aeabi_ddiv)
c:/program files (x86)/gnu tools arm embedded/4.9 2014q4/bin/../lib/gcc/arm-none-eabi/4.9.3/armv6-m\libgcc.a(eqdf2.o)
                              c:/program files (x86)/gnu tools arm embedded/4.9 2014q4/bin/../lib/gcc/arm-none-eabi/4.9.3/armv6-m\libgcc.a(_arm_cmpdf2.o) (__eqdf2)
c:/program files (x86)/gnu tools arm embedded/4.9 2014q4/bin/../lib/gcc/arm-none-eabi/4.9.3/armv6-m\libgcc.a(gedf2.o)
                              c:/program files (x86)/gnu tools arm embedded/4.9 2014q4/bin/../lib/gcc/arm-none-eabi/4.9.3/armv6-m\libgcc.a(_arm_cmpdf2.o) (__gedf2)
c:/program files (x86)/gnu tools arm embedded/4.9 2014q4/bin/../lib/gcc/arm-none-eabi/4.9.3/armv6-m\libgcc.a(ledf2.o)
                              c:/program files (x86)/gnu tools arm embedded/4.9 2014q4/bin/../lib/gcc/arm-none-eabi/4.9.3/armv6-m\libgcc.a(_arm_cmpdf2.o) (__ledf2)
c:/program files (x86)/gnu tools arm embedded/4.9 2014q4/bin/../lib/gcc/arm-none-eabi/4.9.3/armv6-m\libgcc.a(muldf3.o)
                              ..\obj\hd44780.o (__aeabi_dmul)
c:/program files (x86)/gnu tools arm embedded/4.9 2014q4/bin/../lib/gcc/arm-none-eabi/4.9.3/armv6-m\libgcc.a(subdf3.o)
                              c:/program files (x86)/gnu tools arm embedded/4.9 2014q4/bin/../lib/gcc/arm-none-eabi/4.9.3/armv6-m\libgcc.a(_fixunsdfsi.o) (__aeabi_dsub)
c:/program files (x86)/gnu tools arm embedded/4.9 2014q4/bin/../lib/gcc/arm-none-eabi/4.9.3/armv6-m\libgcc.a(fixdfsi.o)
                              c:/program files (x86)/gnu tools arm embedded/4.9 2014q4/bin/../lib/gcc/arm-none-eabi/4.9.3/armv6-m\libgcc.a(_fixunsdfsi.o) (__aeabi_d2iz)
c:/program files (x86)/gnu tools arm embedded/4.9 2014q4/bin/../lib/gcc/arm-none-eabi/4.9.3/armv6-m\libgcc.a(floatunsidf.o)
                              ..\obj\hd44780.o (__aeabi_ui2d)
c:/program files (x86)/gnu tools arm embedded/4.9 2014q4/bin/../lib/gcc/arm-none-eabi/4.9.3/armv6-m\libgcc.a(_clzsi2.o)
                              c:/program files (x86)/gnu tools arm embedded/4.9 2014q4/bin/../lib/gcc/arm-none-eabi/4.9.3/armv6-m\libgcc.a(divsf3.o) (__clzsi2)

Allocating common symbols
Common symbol       size              file

pins_to_check       0x80              ..\obj\main.o
GPIO_InitStructure  0x8               ..\obj\hd44780.o
errors              0x3               ..\obj\main.o

Discarded input sections

 .text          0x00000000        0x0 ..\obj\stm32f0xx_rcc.o
 .bss           0x00000000        0x0 ..\obj\stm32f0xx_rcc.o
 .text.RCC_DeInit
                0x00000000       0x88 ..\obj\stm32f0xx_rcc.o
 .text.RCC_HSEConfig
                0x00000000       0x24 ..\obj\stm32f0xx_rcc.o
 .text.RCC_WaitForHSEStartUp
                0x00000000       0x60 ..\obj\stm32f0xx_rcc.o
 .text.RCC_AdjustHSICalibrationValue
                0x00000000       0x3c ..\obj\stm32f0xx_rcc.o
 .text.RCC_AdjustHSI14CalibrationValue
                0x00000000       0x3c ..\obj\stm32f0xx_rcc.o
 .text.RCC_HSI14Cmd
                0x00000000       0x38 ..\obj\stm32f0xx_rcc.o
 .text.RCC_HSI14ADCRequestCmd
                0x00000000       0x38 ..\obj\stm32f0xx_rcc.o
 .text.RCC_LSEConfig
                0x00000000       0x38 ..\obj\stm32f0xx_rcc.o
 .text.RCC_LSEDriveConfig
                0x00000000       0x2c ..\obj\stm32f0xx_rcc.o
 .text.RCC_LSICmd
                0x00000000       0x38 ..\obj\stm32f0xx_rcc.o
 .text.RCC_PREDIV1Config
                0x00000000       0x34 ..\obj\stm32f0xx_rcc.o
 .text.RCC_ClockSecuritySystemCmd
                0x00000000       0x40 ..\obj\stm32f0xx_rcc.o
 .text.RCC_MCOConfig
                0x00000000       0x20 ..\obj\stm32f0xx_rcc.o
 .text.RCC_ADCCLKConfig
                0x00000000       0x50 ..\obj\stm32f0xx_rcc.o
 .text.RCC_CECCLKConfig
                0x00000000       0x2c ..\obj\stm32f0xx_rcc.o
 .text.RCC_I2CCLKConfig
                0x00000000       0x2c ..\obj\stm32f0xx_rcc.o
 .text.RCC_USARTCLKConfig
                0x00000000       0x2c ..\obj\stm32f0xx_rcc.o
 .text.RCC_RTCCLKConfig
                0x00000000       0x20 ..\obj\stm32f0xx_rcc.o
 .text.RCC_RTCCLKCmd
                0x00000000       0x40 ..\obj\stm32f0xx_rcc.o
 .text.RCC_BackupResetCmd
                0x00000000       0x40 ..\obj\stm32f0xx_rcc.o
 .text.RCC_APB2PeriphClockCmd
                0x00000000       0x3c ..\obj\stm32f0xx_rcc.o
 .text.RCC_AHBPeriphResetCmd
                0x00000000       0x3c ..\obj\stm32f0xx_rcc.o
 .text.RCC_APB2PeriphResetCmd
                0x00000000       0x3c ..\obj\stm32f0xx_rcc.o
 .text.RCC_APB1PeriphResetCmd
                0x00000000       0x3c ..\obj\stm32f0xx_rcc.o
 .text.RCC_ITConfig
                0x00000000       0x50 ..\obj\stm32f0xx_rcc.o
 .text.RCC_ClearFlag
                0x00000000       0x1c ..\obj\stm32f0xx_rcc.o
 .text.RCC_GetITStatus
                0x00000000       0x44 ..\obj\stm32f0xx_rcc.o
 .text.RCC_ClearITPendingBit
                0x00000000       0x20 ..\obj\stm32f0xx_rcc.o
 .text          0x00000000        0x0 ..\obj\main.o
 .text.SetKey24
                0x00000000       0x18 ..\obj\main.o
 .text.ResetKey24
                0x00000000       0x18 ..\obj\main.o
 .text.SetKeySC
                0x00000000       0x18 ..\obj\main.o
 .text.ResetKeySC
                0x00000000       0x18 ..\obj\main.o
 .text.GetSwitchState
                0x00000000       0x1c ..\obj\main.o
 .text          0x00000000       0x14 ..\obj\startup_stm32f0xx.o
 .data          0x00000000        0x0 ..\obj\startup_stm32f0xx.o
 .bss           0x00000000        0x0 ..\obj\startup_stm32f0xx.o
 .text          0x00000000        0x0 ..\obj\hd44780.o
 .data          0x00000000        0x0 ..\obj\hd44780.o
 .bss           0x00000000        0x0 ..\obj\hd44780.o
 .text.LCD_ShiftLeft
                0x00000000       0x10 ..\obj\hd44780.o
 .text.LCD_ShiftRight
                0x00000000       0x10 ..\obj\hd44780.o
 .text.lcd_addchar
                0x00000000       0x60 ..\obj\hd44780.o
 .text.LCDOutFloat
                0x00000000      0x208 ..\obj\hd44780.o
 .text.LCDOutUFloat
                0x00000000      0x1c8 ..\obj\hd44780.o
 .text.LCDOutDouble
                0x00000000      0x234 ..\obj\hd44780.o
 .text.LCDOutuint32
                0x00000000       0xf4 ..\obj\hd44780.o
 .text.LCDOutint32
                0x00000000      0x160 ..\obj\hd44780.o
 .text.LCDOutuint16
                0x00000000      0x104 ..\obj\hd44780.o
 .text.LCDOutint16
                0x00000000      0x180 ..\obj\hd44780.o
 .text.LCDOutuint8
                0x00000000      0x104 ..\obj\hd44780.o
 .text.LCDOutint8
                0x00000000      0x17c ..\obj\hd44780.o
 .text          0x00000000        0x0 ..\obj\system_stm32f0xx_temp.o
 .data          0x00000000       0x14 ..\obj\system_stm32f0xx_temp.o
 .bss           0x00000000        0x0 ..\obj\system_stm32f0xx_temp.o
 .text.SystemCoreClockUpdate1
                0x00000000       0xd4 ..\obj\system_stm32f0xx_temp.o
 .text          0x00000000        0x0 ..\obj\stm32f0xx_gpio.o
 .data          0x00000000        0x0 ..\obj\stm32f0xx_gpio.o
 .bss           0x00000000        0x0 ..\obj\stm32f0xx_gpio.o
 .text.GPIO_DeInit
                0x00000000       0xc8 ..\obj\stm32f0xx_gpio.o
 .text.GPIO_StructInit
                0x00000000       0x30 ..\obj\stm32f0xx_gpio.o
 .text.GPIO_PinLockConfig
                0x00000000       0x44 ..\obj\stm32f0xx_gpio.o
 .text.GPIO_ReadInputData
                0x00000000       0x18 ..\obj\stm32f0xx_gpio.o
 .text.GPIO_ReadOutputData
                0x00000000       0x18 ..\obj\stm32f0xx_gpio.o
 .text.GPIO_SetBits
                0x00000000       0x1c ..\obj\stm32f0xx_gpio.o
 .text.GPIO_Write
                0x00000000       0x1c ..\obj\stm32f0xx_gpio.o
 .text          0x00000000        0x0 ..\obj\stm32f0xx_usart.o
 .data          0x00000000        0x0 ..\obj\stm32f0xx_usart.o
 .bss           0x00000000        0x0 ..\obj\stm32f0xx_usart.o
 .text.USART_DeInit
                0x00000000       0x58 ..\obj\stm32f0xx_usart.o
 .text.USART_StructInit
                0x00000000       0x34 ..\obj\stm32f0xx_usart.o
 .text.USART_ClockInit
                0x00000000       0x48 ..\obj\stm32f0xx_usart.o
 .text.USART_ClockStructInit
                0x00000000       0x28 ..\obj\stm32f0xx_usart.o
 .text.USART_DirectionModeCmd
                0x00000000       0x38 ..\obj\stm32f0xx_usart.o
 .text.USART_OverSampling8Cmd
                0x00000000       0x3c ..\obj\stm32f0xx_usart.o
 .text.USART_OneBitMethodCmd
                0x00000000       0x3c ..\obj\stm32f0xx_usart.o
 .text.USART_MSBFirstCmd
                0x00000000       0x3c ..\obj\stm32f0xx_usart.o
 .text.USART_DataInvCmd
                0x00000000       0x3c ..\obj\stm32f0xx_usart.o
 .text.USART_InvPinCmd
                0x00000000       0x38 ..\obj\stm32f0xx_usart.o
 .text.USART_SWAPPinCmd
                0x00000000       0x3c ..\obj\stm32f0xx_usart.o
 .text.USART_ReceiverTimeOutCmd
                0x00000000       0x3c ..\obj\stm32f0xx_usart.o
 .text.USART_SetReceiverTimeOut
                0x00000000       0x28 ..\obj\stm32f0xx_usart.o
 .text.USART_SetPrescaler
                0x00000000       0x38 ..\obj\stm32f0xx_usart.o
 .text.USART_STOPModeCmd
                0x00000000       0x38 ..\obj\stm32f0xx_usart.o
 .text.USART_StopModeWakeUpSourceConfig
                0x00000000       0x2c ..\obj\stm32f0xx_usart.o
 .text.USART_AutoBaudRateCmd
                0x00000000       0x3c ..\obj\stm32f0xx_usart.o
 .text.USART_AutoBaudRateConfig
                0x00000000       0x2c ..\obj\stm32f0xx_usart.o
 .text.USART_ReceiveData
                0x00000000       0x1c ..\obj\stm32f0xx_usart.o
 .text.USART_SetAddress
                0x00000000       0x30 ..\obj\stm32f0xx_usart.o
 .text.USART_MuteModeCmd
                0x00000000       0x3c ..\obj\stm32f0xx_usart.o
 .text.USART_MuteModeWakeUpConfig
                0x00000000       0x2c ..\obj\stm32f0xx_usart.o
 .text.USART_AddressDetectionConfig
                0x00000000       0x2c ..\obj\stm32f0xx_usart.o
 .text.USART_LINBreakDetectLengthConfig
                0x00000000       0x2c ..\obj\stm32f0xx_usart.o
 .text.USART_LINCmd
                0x00000000       0x3c ..\obj\stm32f0xx_usart.o
 .text.USART_HalfDuplexCmd
                0x00000000       0x38 ..\obj\stm32f0xx_usart.o
 .text.USART_SetGuardTime
                0x00000000       0x3c ..\obj\stm32f0xx_usart.o
 .text.USART_SmartCardCmd
                0x00000000       0x38 ..\obj\stm32f0xx_usart.o
 .text.USART_SmartCardNACKCmd
                0x00000000       0x38 ..\obj\stm32f0xx_usart.o
 .text.USART_SetAutoRetryCount
                0x00000000       0x34 ..\obj\stm32f0xx_usart.o
 .text.USART_SetBlockLength
                0x00000000       0x30 ..\obj\stm32f0xx_usart.o
 .text.USART_IrDAConfig
                0x00000000       0x2c ..\obj\stm32f0xx_usart.o
 .text.USART_IrDACmd
                0x00000000       0x38 ..\obj\stm32f0xx_usart.o
 .text.USART_DECmd
                0x00000000       0x3c ..\obj\stm32f0xx_usart.o
 .text.USART_DEPolarityConfig
                0x00000000       0x2c ..\obj\stm32f0xx_usart.o
 .text.USART_SetDEAssertionTime
                0x00000000       0x30 ..\obj\stm32f0xx_usart.o
 .text.USART_SetDEDeassertionTime
                0x00000000       0x30 ..\obj\stm32f0xx_usart.o
 .text.USART_DMACmd
                0x00000000       0x38 ..\obj\stm32f0xx_usart.o
 .text.USART_DMAReceptionErrorConfig
                0x00000000       0x2c ..\obj\stm32f0xx_usart.o
 .text.USART_ITConfig
                0x00000000       0x84 ..\obj\stm32f0xx_usart.o
 .text.USART_RequestCmd
                0x00000000       0x48 ..\obj\stm32f0xx_usart.o
 .text.USART_OverrunDetectionConfig
                0x00000000       0x2c ..\obj\stm32f0xx_usart.o
 .text.USART_ClearFlag
                0x00000000       0x18 ..\obj\stm32f0xx_usart.o
 .text.USART_GetITStatus
                0x00000000       0xb0 ..\obj\stm32f0xx_usart.o
 .text.USART_ClearITPendingBit
                0x00000000       0x30 ..\obj\stm32f0xx_usart.o
 .text          0x00000000        0x0 ..\obj\stm32f0xx_tim.o
 .data          0x00000000        0x0 ..\obj\stm32f0xx_tim.o
 .bss           0x00000000        0x0 ..\obj\stm32f0xx_tim.o
 .text.TIM_DeInit
                0x00000000      0x124 ..\obj\stm32f0xx_tim.o
 .text.TIM_TimeBaseInit
                0x00000000       0xf0 ..\obj\stm32f0xx_tim.o
 .text.TIM_TimeBaseStructInit
                0x00000000       0x30 ..\obj\stm32f0xx_tim.o
 .text.TIM_PrescalerConfig
                0x00000000       0x30 ..\obj\stm32f0xx_tim.o
 .text.TIM_CounterModeConfig
                0x00000000       0x54 ..\obj\stm32f0xx_tim.o
 .text.TIM_SetCounter
                0x00000000       0x18 ..\obj\stm32f0xx_tim.o
 .text.TIM_SetAutoreload
                0x00000000       0x18 ..\obj\stm32f0xx_tim.o
 .text.TIM_GetCounter
                0x00000000       0x14 ..\obj\stm32f0xx_tim.o
 .text.TIM_GetPrescaler
                0x00000000       0x18 ..\obj\stm32f0xx_tim.o
 .text.TIM_UpdateDisableConfig
                0x00000000       0x40 ..\obj\stm32f0xx_tim.o
 .text.TIM_UpdateRequestConfig
                0x00000000       0x40 ..\obj\stm32f0xx_tim.o
 .text.TIM_ARRPreloadConfig
                0x00000000       0x40 ..\obj\stm32f0xx_tim.o
 .text.TIM_SelectOnePulseMode
                0x00000000       0x38 ..\obj\stm32f0xx_tim.o
 .text.TIM_SetClockDivision
                0x00000000       0x3c ..\obj\stm32f0xx_tim.o
 .text.TIM_Cmd  0x00000000       0x40 ..\obj\stm32f0xx_tim.o
 .text.TIM_BDTRConfig
                0x00000000       0x4c ..\obj\stm32f0xx_tim.o
 .text.TIM_BDTRStructInit
                0x00000000       0x38 ..\obj\stm32f0xx_tim.o
 .text.TIM_CtrlPWMOutputs
                0x00000000       0x4c ..\obj\stm32f0xx_tim.o
 .text.TIM_OC1Init
                0x00000000      0x1a4 ..\obj\stm32f0xx_tim.o
 .text.TIM_OC2Init
                0x00000000      0x1b8 ..\obj\stm32f0xx_tim.o
 .text.TIM_OC3Init
                0x00000000      0x1a8 ..\obj\stm32f0xx_tim.o
 .text.TIM_OC4Init
                0x00000000      0x134 ..\obj\stm32f0xx_tim.o
 .text.TIM_OCStructInit
                0x00000000       0x40 ..\obj\stm32f0xx_tim.o
 .text.TIM_SelectOCxM
                0x00000000       0xcc ..\obj\stm32f0xx_tim.o
 .text.TIM_SetCompare1
                0x00000000       0x18 ..\obj\stm32f0xx_tim.o
 .text.TIM_SetCompare2
                0x00000000       0x18 ..\obj\stm32f0xx_tim.o
 .text.TIM_SetCompare3
                0x00000000       0x18 ..\obj\stm32f0xx_tim.o
 .text.TIM_SetCompare4
                0x00000000       0x18 ..\obj\stm32f0xx_tim.o
 .text.TIM_ForcedOC1Config
                0x00000000       0x54 ..\obj\stm32f0xx_tim.o
 .text.TIM_ForcedOC2Config
                0x00000000       0x5c ..\obj\stm32f0xx_tim.o
 .text.TIM_ForcedOC3Config
                0x00000000       0x54 ..\obj\stm32f0xx_tim.o
 .text.TIM_ForcedOC4Config
                0x00000000       0x5c ..\obj\stm32f0xx_tim.o
 .text.TIM_CCPreloadControl
                0x00000000       0x40 ..\obj\stm32f0xx_tim.o
 .text.TIM_OC1PreloadConfig
                0x00000000       0x54 ..\obj\stm32f0xx_tim.o
 .text.TIM_OC2PreloadConfig
                0x00000000       0x5c ..\obj\stm32f0xx_tim.o
 .text.TIM_OC3PreloadConfig
                0x00000000       0x54 ..\obj\stm32f0xx_tim.o
 .text.TIM_OC4PreloadConfig
                0x00000000       0x5c ..\obj\stm32f0xx_tim.o
 .text.TIM_OC1FastConfig
                0x00000000       0x54 ..\obj\stm32f0xx_tim.o
 .text.TIM_OC2FastConfig
                0x00000000       0x5c ..\obj\stm32f0xx_tim.o
 .text.TIM_OC3FastConfig
                0x00000000       0x54 ..\obj\stm32f0xx_tim.o
 .text.TIM_OC4FastConfig
                0x00000000       0x5c ..\obj\stm32f0xx_tim.o
 .text.TIM_ClearOC1Ref
                0x00000000       0x54 ..\obj\stm32f0xx_tim.o
 .text.TIM_ClearOC2Ref
                0x00000000       0x58 ..\obj\stm32f0xx_tim.o
 .text.TIM_ClearOC3Ref
                0x00000000       0x54 ..\obj\stm32f0xx_tim.o
 .text.TIM_ClearOC4Ref
                0x00000000       0x58 ..\obj\stm32f0xx_tim.o
 .text.TIM_OC1PolarityConfig
                0x00000000       0x54 ..\obj\stm32f0xx_tim.o
 .text.TIM_OC1NPolarityConfig
                0x00000000       0x54 ..\obj\stm32f0xx_tim.o
 .text.TIM_OC2PolarityConfig
                0x00000000       0x58 ..\obj\stm32f0xx_tim.o
 .text.TIM_OC2NPolarityConfig
                0x00000000       0x58 ..\obj\stm32f0xx_tim.o
 .text.TIM_OC3PolarityConfig
                0x00000000       0x5c ..\obj\stm32f0xx_tim.o
 .text.TIM_OC3NPolarityConfig
                0x00000000       0x5c ..\obj\stm32f0xx_tim.o
 .text.TIM_OC4PolarityConfig
                0x00000000       0x5c ..\obj\stm32f0xx_tim.o
 .text.TIM_SelectOCREFClear
                0x00000000       0x38 ..\obj\stm32f0xx_tim.o
 .text.TIM_CCxCmd
                0x00000000       0x68 ..\obj\stm32f0xx_tim.o
 .text.TIM_CCxNCmd
                0x00000000       0x68 ..\obj\stm32f0xx_tim.o
 .text.TIM_SelectCOM
                0x00000000       0x40 ..\obj\stm32f0xx_tim.o
 .text.TIM_ICInit
                0x00000000       0xb0 ..\obj\stm32f0xx_tim.o
 .text.TIM_ICStructInit
                0x00000000       0x2c ..\obj\stm32f0xx_tim.o
 .text.TIM_PWMIConfig
                0x00000000       0xf8 ..\obj\stm32f0xx_tim.o
 .text.TIM_GetCapture1
                0x00000000       0x14 ..\obj\stm32f0xx_tim.o
 .text.TIM_GetCapture2
                0x00000000       0x14 ..\obj\stm32f0xx_tim.o
 .text.TIM_GetCapture3
                0x00000000       0x14 ..\obj\stm32f0xx_tim.o
 .text.TIM_GetCapture4
                0x00000000       0x14 ..\obj\stm32f0xx_tim.o
 .text.TIM_SetIC1Prescaler
                0x00000000       0x38 ..\obj\stm32f0xx_tim.o
 .text.TIM_SetIC2Prescaler
                0x00000000       0x40 ..\obj\stm32f0xx_tim.o
 .text.TIM_SetIC3Prescaler
                0x00000000       0x38 ..\obj\stm32f0xx_tim.o
 .text.TIM_SetIC4Prescaler
                0x00000000       0x40 ..\obj\stm32f0xx_tim.o
 .text.TIM_ITConfig
                0x00000000       0x50 ..\obj\stm32f0xx_tim.o
 .text.TIM_GenerateEvent
                0x00000000       0x1c ..\obj\stm32f0xx_tim.o
 .text.TIM_GetFlagStatus
                0x00000000       0x48 ..\obj\stm32f0xx_tim.o
 .text.TIM_ClearFlag
                0x00000000       0x20 ..\obj\stm32f0xx_tim.o
 .text.TIM_GetITStatus
                0x00000000       0x80 ..\obj\stm32f0xx_tim.o
 .text.TIM_ClearITPendingBit
                0x00000000       0x20 ..\obj\stm32f0xx_tim.o
 .text.TIM_DMAConfig
                0x00000000       0x30 ..\obj\stm32f0xx_tim.o
 .text.TIM_DMACmd
                0x00000000       0x50 ..\obj\stm32f0xx_tim.o
 .text.TIM_SelectCCDMA
                0x00000000       0x40 ..\obj\stm32f0xx_tim.o
 .text.TIM_InternalClockConfig
                0x00000000       0x20 ..\obj\stm32f0xx_tim.o
 .text.TIM_ITRxExternalClockConfig
                0x00000000       0x34 ..\obj\stm32f0xx_tim.o
 .text.TIM_TIxExternalClockConfig
                0x00000000       0x84 ..\obj\stm32f0xx_tim.o
 .text.TIM_ETRClockMode1Config
                0x00000000       0x9c ..\obj\stm32f0xx_tim.o
 .text.TIM_ETRClockMode2Config
                0x00000000       0x54 ..\obj\stm32f0xx_tim.o
 .text.TIM_SelectInputTrigger
                0x00000000       0x54 ..\obj\stm32f0xx_tim.o
 .text.TIM_SelectOutputTrigger
                0x00000000       0x38 ..\obj\stm32f0xx_tim.o
 .text.TIM_SelectSlaveMode
                0x00000000       0x38 ..\obj\stm32f0xx_tim.o
 .text.TIM_SelectMasterSlaveMode
                0x00000000       0x38 ..\obj\stm32f0xx_tim.o
 .text.TIM_ETRConfig
                0x00000000       0x80 ..\obj\stm32f0xx_tim.o
 .text.TIM_EncoderInterfaceConfig
                0x00000000       0xf8 ..\obj\stm32f0xx_tim.o
 .text.TIM_SelectHallSensor
                0x00000000       0x40 ..\obj\stm32f0xx_tim.o
 .text.TIM_RemapConfig
                0x00000000       0x20 ..\obj\stm32f0xx_tim.o
 .text.TI1_Config
                0x00000000       0xcc ..\obj\stm32f0xx_tim.o
 .text.TI2_Config
                0x00000000       0xf4 ..\obj\stm32f0xx_tim.o
 .text.TI3_Config
                0x00000000       0xec ..\obj\stm32f0xx_tim.o
 .text.TI4_Config
                0x00000000      0x100 ..\obj\stm32f0xx_tim.o
 .debug_info    0x00000000     0x1c67 ..\obj\stm32f0xx_tim.o
 .debug_abbrev  0x00000000      0x1b5 ..\obj\stm32f0xx_tim.o
 .debug_aranges
                0x00000000      0x300 ..\obj\stm32f0xx_tim.o
 .debug_ranges  0x00000000      0x2f0 ..\obj\stm32f0xx_tim.o
 .debug_line    0x00000000      0xa31 ..\obj\stm32f0xx_tim.o
 .debug_str     0x00000000      0xde1 ..\obj\stm32f0xx_tim.o
 .comment       0x00000000       0x71 ..\obj\stm32f0xx_tim.o
 .debug_frame   0x00000000      0xbb0 ..\obj\stm32f0xx_tim.o
 .ARM.attributes
                0x00000000       0x31 ..\obj\stm32f0xx_tim.o
 .text          0x00000000        0x0 ..\obj\stm32f0xx_flash.o
 .data          0x00000000        0x0 ..\obj\stm32f0xx_flash.o
 .bss           0x00000000        0x0 ..\obj\stm32f0xx_flash.o
 .text.FLASH_GetPrefetchBufferStatus
                0x00000000       0x34 ..\obj\stm32f0xx_flash.o
 .text.FLASH_Unlock
                0x00000000       0x2c ..\obj\stm32f0xx_flash.o
 .text.FLASH_Lock
                0x00000000       0x18 ..\obj\stm32f0xx_flash.o
 .text.FLASH_ErasePage
                0x00000000       0x7c ..\obj\stm32f0xx_flash.o
 .text.FLASH_EraseAllPages
                0x00000000       0x68 ..\obj\stm32f0xx_flash.o
 .text.FLASH_ProgramWord
                0x00000000       0xb4 ..\obj\stm32f0xx_flash.o
 .text.FLASH_ProgramHalfWord
                0x00000000       0x78 ..\obj\stm32f0xx_flash.o
 .text.FLASH_OB_Unlock
                0x00000000       0x2c ..\obj\stm32f0xx_flash.o
 .text.FLASH_OB_Lock
                0x00000000       0x1c ..\obj\stm32f0xx_flash.o
 .text.FLASH_OB_Launch
                0x00000000       0x1c ..\obj\stm32f0xx_flash.o
 .text.FLASH_OB_Erase
                0x00000000       0xd8 ..\obj\stm32f0xx_flash.o
 .text.FLASH_OB_EnableWRP
                0x00000000       0xf4 ..\obj\stm32f0xx_flash.o
 .text.FLASH_OB_RDPConfig
                0x00000000       0xdc ..\obj\stm32f0xx_flash.o
 .text.FLASH_OB_UserConfig
                0x00000000       0xb0 ..\obj\stm32f0xx_flash.o
 .text.FLASH_OB_BOOTConfig
                0x00000000       0x8c ..\obj\stm32f0xx_flash.o
 .text.FLASH_OB_VDDAConfig
                0x00000000       0x8c ..\obj\stm32f0xx_flash.o
 .text.FLASH_OB_SRAMParityConfig
                0x00000000       0x8c ..\obj\stm32f0xx_flash.o
 .text.FLASH_OB_WriteUser
                0x00000000       0x8c ..\obj\stm32f0xx_flash.o
 .text.FLASH_OB_ProgramData
                0x00000000       0x84 ..\obj\stm32f0xx_flash.o
 .text.FLASH_OB_GetUser
                0x00000000       0x18 ..\obj\stm32f0xx_flash.o
 .text.FLASH_OB_GetWRP
                0x00000000       0x14 ..\obj\stm32f0xx_flash.o
 .text.FLASH_OB_GetRDP
                0x00000000       0x38 ..\obj\stm32f0xx_flash.o
 .text.FLASH_ITConfig
                0x00000000       0x3c ..\obj\stm32f0xx_flash.o
 .text.FLASH_GetFlagStatus
                0x00000000       0x40 ..\obj\stm32f0xx_flash.o
 .text.FLASH_ClearFlag
                0x00000000       0x18 ..\obj\stm32f0xx_flash.o
 .text.FLASH_GetStatus
                0x00000000       0x58 ..\obj\stm32f0xx_flash.o
 .text.FLASH_WaitForLastOperation
                0x00000000       0x5c ..\obj\stm32f0xx_flash.o
 .text          0x00000000        0x0 ..\obj\stm32f0xx_exti.o
 .data          0x00000000        0x0 ..\obj\stm32f0xx_exti.o
 .bss           0x00000000        0x0 ..\obj\stm32f0xx_exti.o
 .text.EXTI_DeInit
                0x00000000       0x34 ..\obj\stm32f0xx_exti.o
 .text.EXTI_Init
                0x00000000       0xe0 ..\obj\stm32f0xx_exti.o
 .text.EXTI_StructInit
                0x00000000       0x28 ..\obj\stm32f0xx_exti.o
 .text.EXTI_GenerateSWInterrupt
                0x00000000       0x20 ..\obj\stm32f0xx_exti.o
 .text.EXTI_GetFlagStatus
                0x00000000       0x40 ..\obj\stm32f0xx_exti.o
 .text.EXTI_ClearFlag
                0x00000000       0x18 ..\obj\stm32f0xx_exti.o
 .text.EXTI_GetITStatus
                0x00000000       0x40 ..\obj\stm32f0xx_exti.o
 .text.EXTI_ClearITPendingBit
                0x00000000       0x18 ..\obj\stm32f0xx_exti.o
 .debug_info    0x00000000      0x30d ..\obj\stm32f0xx_exti.o
 .debug_abbrev  0x00000000      0x192 ..\obj\stm32f0xx_exti.o
 .debug_aranges
                0x00000000       0x58 ..\obj\stm32f0xx_exti.o
 .debug_ranges  0x00000000       0x48 ..\obj\stm32f0xx_exti.o
 .debug_line    0x00000000      0x265 ..\obj\stm32f0xx_exti.o
 .debug_str     0x00000000      0x332 ..\obj\stm32f0xx_exti.o
 .comment       0x00000000       0x71 ..\obj\stm32f0xx_exti.o
 .debug_frame   0x00000000      0x10c ..\obj\stm32f0xx_exti.o
 .ARM.attributes
                0x00000000       0x31 ..\obj\stm32f0xx_exti.o
 .text          0x00000000        0x0 ..\obj\stm32f0xx_misc.o
 .data          0x00000000        0x0 ..\obj\stm32f0xx_misc.o
 .bss           0x00000000        0x0 ..\obj\stm32f0xx_misc.o
 .text.NVIC_Init
                0x00000000       0xa8 ..\obj\stm32f0xx_misc.o
 .text.NVIC_SystemLPConfig
                0x00000000       0x44 ..\obj\stm32f0xx_misc.o
 .text.SysTick_CLKSourceConfig
                0x00000000       0x34 ..\obj\stm32f0xx_misc.o
 .debug_info    0x00000000      0x36a ..\obj\stm32f0xx_misc.o
 .debug_abbrev  0x00000000      0x143 ..\obj\stm32f0xx_misc.o
 .debug_aranges
                0x00000000       0x30 ..\obj\stm32f0xx_misc.o
 .debug_ranges  0x00000000       0x20 ..\obj\stm32f0xx_misc.o
 .debug_line    0x00000000      0x237 ..\obj\stm32f0xx_misc.o
 .debug_str     0x00000000      0x2f9 ..\obj\stm32f0xx_misc.o
 .comment       0x00000000       0x71 ..\obj\stm32f0xx_misc.o
 .debug_frame   0x00000000       0x70 ..\obj\stm32f0xx_misc.o
 .ARM.attributes
                0x00000000       0x31 ..\obj\stm32f0xx_misc.o
 .data          0x00000000        0x0 c:/program files (x86)/gnu tools arm embedded/4.9 2014q4/bin/../lib/gcc/arm-none-eabi/4.9.3/armv6-m\libgcc.a(_udivsi3.o)
 .bss           0x00000000        0x0 c:/program files (x86)/gnu tools arm embedded/4.9 2014q4/bin/../lib/gcc/arm-none-eabi/4.9.3/armv6-m\libgcc.a(_udivsi3.o)
 .data          0x00000000        0x0 c:/program files (x86)/gnu tools arm embedded/4.9 2014q4/bin/../lib/gcc/arm-none-eabi/4.9.3/armv6-m\libgcc.a(_dvmd_tls.o)
 .bss           0x00000000        0x0 c:/program files (x86)/gnu tools arm embedded/4.9 2014q4/bin/../lib/gcc/arm-none-eabi/4.9.3/armv6-m\libgcc.a(_dvmd_tls.o)
 .text          0x00000000       0x7c c:/program files (x86)/gnu tools arm embedded/4.9 2014q4/bin/../lib/gcc/arm-none-eabi/4.9.3/armv6-m\libgcc.a(_arm_cmpdf2.o)
 .data          0x00000000        0x0 c:/program files (x86)/gnu tools arm embedded/4.9 2014q4/bin/../lib/gcc/arm-none-eabi/4.9.3/armv6-m\libgcc.a(_arm_cmpdf2.o)
 .bss           0x00000000        0x0 c:/program files (x86)/gnu tools arm embedded/4.9 2014q4/bin/../lib/gcc/arm-none-eabi/4.9.3/armv6-m\libgcc.a(_arm_cmpdf2.o)
 .ARM.attributes
                0x00000000       0x1e c:/program files (x86)/gnu tools arm embedded/4.9 2014q4/bin/../lib/gcc/arm-none-eabi/4.9.3/armv6-m\libgcc.a(_arm_cmpdf2.o)
 .text          0x00000000       0x74 c:/program files (x86)/gnu tools arm embedded/4.9 2014q4/bin/../lib/gcc/arm-none-eabi/4.9.3/armv6-m\libgcc.a(_arm_cmpsf2.o)
 .data          0x00000000        0x0 c:/program files (x86)/gnu tools arm embedded/4.9 2014q4/bin/../lib/gcc/arm-none-eabi/4.9.3/armv6-m\libgcc.a(_arm_cmpsf2.o)
 .bss           0x00000000        0x0 c:/program files (x86)/gnu tools arm embedded/4.9 2014q4/bin/../lib/gcc/arm-none-eabi/4.9.3/armv6-m\libgcc.a(_arm_cmpsf2.o)
 .ARM.attributes
                0x00000000       0x1e c:/program files (x86)/gnu tools arm embedded/4.9 2014q4/bin/../lib/gcc/arm-none-eabi/4.9.3/armv6-m\libgcc.a(_arm_cmpsf2.o)
 .text          0x00000000       0x30 c:/program files (x86)/gnu tools arm embedded/4.9 2014q4/bin/../lib/gcc/arm-none-eabi/4.9.3/armv6-m\libgcc.a(_fixunssfsi.o)
 .data          0x00000000        0x0 c:/program files (x86)/gnu tools arm embedded/4.9 2014q4/bin/../lib/gcc/arm-none-eabi/4.9.3/armv6-m\libgcc.a(_fixunssfsi.o)
 .bss           0x00000000        0x0 c:/program files (x86)/gnu tools arm embedded/4.9 2014q4/bin/../lib/gcc/arm-none-eabi/4.9.3/armv6-m\libgcc.a(_fixunssfsi.o)
 .debug_frame   0x00000000       0x28 c:/program files (x86)/gnu tools arm embedded/4.9 2014q4/bin/../lib/gcc/arm-none-eabi/4.9.3/armv6-m\libgcc.a(_fixunssfsi.o)
 .ARM.attributes
                0x00000000       0x2c c:/program files (x86)/gnu tools arm embedded/4.9 2014q4/bin/../lib/gcc/arm-none-eabi/4.9.3/armv6-m\libgcc.a(_fixunssfsi.o)
 .text          0x00000000       0x3c c:/program files (x86)/gnu tools arm embedded/4.9 2014q4/bin/../lib/gcc/arm-none-eabi/4.9.3/armv6-m\libgcc.a(_fixunsdfsi.o)
 .data          0x00000000        0x0 c:/program files (x86)/gnu tools arm embedded/4.9 2014q4/bin/../lib/gcc/arm-none-eabi/4.9.3/armv6-m\libgcc.a(_fixunsdfsi.o)
 .bss           0x00000000        0x0 c:/program files (x86)/gnu tools arm embedded/4.9 2014q4/bin/../lib/gcc/arm-none-eabi/4.9.3/armv6-m\libgcc.a(_fixunsdfsi.o)
 .debug_frame   0x00000000       0x2c c:/program files (x86)/gnu tools arm embedded/4.9 2014q4/bin/../lib/gcc/arm-none-eabi/4.9.3/armv6-m\libgcc.a(_fixunsdfsi.o)
 .ARM.attributes
                0x00000000       0x2c c:/program files (x86)/gnu tools arm embedded/4.9 2014q4/bin/../lib/gcc/arm-none-eabi/4.9.3/armv6-m\libgcc.a(_fixunsdfsi.o)
 .text          0x00000000      0x270 c:/program files (x86)/gnu tools arm embedded/4.9 2014q4/bin/../lib/gcc/arm-none-eabi/4.9.3/armv6-m\libgcc.a(divsf3.o)
 .data          0x00000000        0x0 c:/program files (x86)/gnu tools arm embedded/4.9 2014q4/bin/../lib/gcc/arm-none-eabi/4.9.3/armv6-m\libgcc.a(divsf3.o)
 .bss           0x00000000        0x0 c:/program files (x86)/gnu tools arm embedded/4.9 2014q4/bin/../lib/gcc/arm-none-eabi/4.9.3/armv6-m\libgcc.a(divsf3.o)
 .rodata        0x00000000       0x80 c:/program files (x86)/gnu tools arm embedded/4.9 2014q4/bin/../lib/gcc/arm-none-eabi/4.9.3/armv6-m\libgcc.a(divsf3.o)
 .debug_frame   0x00000000       0x3c c:/program files (x86)/gnu tools arm embedded/4.9 2014q4/bin/../lib/gcc/arm-none-eabi/4.9.3/armv6-m\libgcc.a(divsf3.o)
 .ARM.attributes
                0x00000000       0x2c c:/program files (x86)/gnu tools arm embedded/4.9 2014q4/bin/../lib/gcc/arm-none-eabi/4.9.3/armv6-m\libgcc.a(divsf3.o)
 .text          0x00000000       0x54 c:/program files (x86)/gnu tools arm embedded/4.9 2014q4/bin/../lib/gcc/arm-none-eabi/4.9.3/armv6-m\libgcc.a(eqsf2.o)
 .data          0x00000000        0x0 c:/program files (x86)/gnu tools arm embedded/4.9 2014q4/bin/../lib/gcc/arm-none-eabi/4.9.3/armv6-m\libgcc.a(eqsf2.o)
 .bss           0x00000000        0x0 c:/program files (x86)/gnu tools arm embedded/4.9 2014q4/bin/../lib/gcc/arm-none-eabi/4.9.3/armv6-m\libgcc.a(eqsf2.o)
 .debug_frame   0x00000000       0x2c c:/program files (x86)/gnu tools arm embedded/4.9 2014q4/bin/../lib/gcc/arm-none-eabi/4.9.3/armv6-m\libgcc.a(eqsf2.o)
 .ARM.attributes
                0x00000000       0x2c c:/program files (x86)/gnu tools arm embedded/4.9 2014q4/bin/../lib/gcc/arm-none-eabi/4.9.3/armv6-m\libgcc.a(eqsf2.o)
 .text          0x00000000       0x94 c:/program files (x86)/gnu tools arm embedded/4.9 2014q4/bin/../lib/gcc/arm-none-eabi/4.9.3/armv6-m\libgcc.a(gesf2.o)
 .data          0x00000000        0x0 c:/program files (x86)/gnu tools arm embedded/4.9 2014q4/bin/../lib/gcc/arm-none-eabi/4.9.3/armv6-m\libgcc.a(gesf2.o)
 .bss           0x00000000        0x0 c:/program files (x86)/gnu tools arm embedded/4.9 2014q4/bin/../lib/gcc/arm-none-eabi/4.9.3/armv6-m\libgcc.a(gesf2.o)
 .debug_frame   0x00000000       0x30 c:/program files (x86)/gnu tools arm embedded/4.9 2014q4/bin/../lib/gcc/arm-none-eabi/4.9.3/armv6-m\libgcc.a(gesf2.o)
 .ARM.attributes
                0x00000000       0x2c c:/program files (x86)/gnu tools arm embedded/4.9 2014q4/bin/../lib/gcc/arm-none-eabi/4.9.3/armv6-m\libgcc.a(gesf2.o)
 .text          0x00000000       0x8c c:/program files (x86)/gnu tools arm embedded/4.9 2014q4/bin/../lib/gcc/arm-none-eabi/4.9.3/armv6-m\libgcc.a(lesf2.o)
 .data          0x00000000        0x0 c:/program files (x86)/gnu tools arm embedded/4.9 2014q4/bin/../lib/gcc/arm-none-eabi/4.9.3/armv6-m\libgcc.a(lesf2.o)
 .bss           0x00000000        0x0 c:/program files (x86)/gnu tools arm embedded/4.9 2014q4/bin/../lib/gcc/arm-none-eabi/4.9.3/armv6-m\libgcc.a(lesf2.o)
 .debug_frame   0x00000000       0x30 c:/program files (x86)/gnu tools arm embedded/4.9 2014q4/bin/../lib/gcc/arm-none-eabi/4.9.3/armv6-m\libgcc.a(lesf2.o)
 .ARM.attributes
                0x00000000       0x2c c:/program files (x86)/gnu tools arm embedded/4.9 2014q4/bin/../lib/gcc/arm-none-eabi/4.9.3/armv6-m\libgcc.a(lesf2.o)
 .text          0x00000000      0x264 c:/program files (x86)/gnu tools arm embedded/4.9 2014q4/bin/../lib/gcc/arm-none-eabi/4.9.3/armv6-m\libgcc.a(mulsf3.o)
 .data          0x00000000        0x0 c:/program files (x86)/gnu tools arm embedded/4.9 2014q4/bin/../lib/gcc/arm-none-eabi/4.9.3/armv6-m\libgcc.a(mulsf3.o)
 .bss           0x00000000        0x0 c:/program files (x86)/gnu tools arm embedded/4.9 2014q4/bin/../lib/gcc/arm-none-eabi/4.9.3/armv6-m\libgcc.a(mulsf3.o)
 .rodata        0x00000000       0x40 c:/program files (x86)/gnu tools arm embedded/4.9 2014q4/bin/../lib/gcc/arm-none-eabi/4.9.3/armv6-m\libgcc.a(mulsf3.o)
 .debug_frame   0x00000000       0x3c c:/program files (x86)/gnu tools arm embedded/4.9 2014q4/bin/../lib/gcc/arm-none-eabi/4.9.3/armv6-m\libgcc.a(mulsf3.o)
 .ARM.attributes
                0x00000000       0x2c c:/program files (x86)/gnu tools arm embedded/4.9 2014q4/bin/../lib/gcc/arm-none-eabi/4.9.3/armv6-m\libgcc.a(mulsf3.o)
 .text          0x00000000      0x2fc c:/program files (x86)/gnu tools arm embedded/4.9 2014q4/bin/../lib/gcc/arm-none-eabi/4.9.3/armv6-m\libgcc.a(subsf3.o)
 .data          0x00000000        0x0 c:/program files (x86)/gnu tools arm embedded/4.9 2014q4/bin/../lib/gcc/arm-none-eabi/4.9.3/armv6-m\libgcc.a(subsf3.o)
 .bss           0x00000000        0x0 c:/program files (x86)/gnu tools arm embedded/4.9 2014q4/bin/../lib/gcc/arm-none-eabi/4.9.3/armv6-m\libgcc.a(subsf3.o)
 .debug_frame   0x00000000       0x30 c:/program files (x86)/gnu tools arm embedded/4.9 2014q4/bin/../lib/gcc/arm-none-eabi/4.9.3/armv6-m\libgcc.a(subsf3.o)
 .ARM.attributes
                0x00000000       0x2c c:/program files (x86)/gnu tools arm embedded/4.9 2014q4/bin/../lib/gcc/arm-none-eabi/4.9.3/armv6-m\libgcc.a(subsf3.o)
 .text          0x00000000       0x40 c:/program files (x86)/gnu tools arm embedded/4.9 2014q4/bin/../lib/gcc/arm-none-eabi/4.9.3/armv6-m\libgcc.a(fixsfsi.o)
 .data          0x00000000        0x0 c:/program files (x86)/gnu tools arm embedded/4.9 2014q4/bin/../lib/gcc/arm-none-eabi/4.9.3/armv6-m\libgcc.a(fixsfsi.o)
 .bss           0x00000000        0x0 c:/program files (x86)/gnu tools arm embedded/4.9 2014q4/bin/../lib/gcc/arm-none-eabi/4.9.3/armv6-m\libgcc.a(fixsfsi.o)
 .debug_frame   0x00000000       0x20 c:/program files (x86)/gnu tools arm embedded/4.9 2014q4/bin/../lib/gcc/arm-none-eabi/4.9.3/armv6-m\libgcc.a(fixsfsi.o)
 .ARM.attributes
                0x00000000       0x2c c:/program files (x86)/gnu tools arm embedded/4.9 2014q4/bin/../lib/gcc/arm-none-eabi/4.9.3/armv6-m\libgcc.a(fixsfsi.o)
 .text          0x00000000       0x90 c:/program files (x86)/gnu tools arm embedded/4.9 2014q4/bin/../lib/gcc/arm-none-eabi/4.9.3/armv6-m\libgcc.a(floatunsisf.o)
 .data          0x00000000        0x0 c:/program files (x86)/gnu tools arm embedded/4.9 2014q4/bin/../lib/gcc/arm-none-eabi/4.9.3/armv6-m\libgcc.a(floatunsisf.o)
 .bss           0x00000000        0x0 c:/program files (x86)/gnu tools arm embedded/4.9 2014q4/bin/../lib/gcc/arm-none-eabi/4.9.3/armv6-m\libgcc.a(floatunsisf.o)
 .debug_frame   0x00000000       0x28 c:/program files (x86)/gnu tools arm embedded/4.9 2014q4/bin/../lib/gcc/arm-none-eabi/4.9.3/armv6-m\libgcc.a(floatunsisf.o)
 .ARM.attributes
                0x00000000       0x2c c:/program files (x86)/gnu tools arm embedded/4.9 2014q4/bin/../lib/gcc/arm-none-eabi/4.9.3/armv6-m\libgcc.a(floatunsisf.o)
 .text          0x00000000      0x648 c:/program files (x86)/gnu tools arm embedded/4.9 2014q4/bin/../lib/gcc/arm-none-eabi/4.9.3/armv6-m\libgcc.a(divdf3.o)
 .data          0x00000000        0x0 c:/program files (x86)/gnu tools arm embedded/4.9 2014q4/bin/../lib/gcc/arm-none-eabi/4.9.3/armv6-m\libgcc.a(divdf3.o)
 .bss           0x00000000        0x0 c:/program files (x86)/gnu tools arm embedded/4.9 2014q4/bin/../lib/gcc/arm-none-eabi/4.9.3/armv6-m\libgcc.a(divdf3.o)
 .rodata        0x00000000       0x40 c:/program files (x86)/gnu tools arm embedded/4.9 2014q4/bin/../lib/gcc/arm-none-eabi/4.9.3/armv6-m\libgcc.a(divdf3.o)
 .debug_frame   0x00000000       0x3c c:/program files (x86)/gnu tools arm embedded/4.9 2014q4/bin/../lib/gcc/arm-none-eabi/4.9.3/armv6-m\libgcc.a(divdf3.o)
 .ARM.attributes
                0x00000000       0x2c c:/program files (x86)/gnu tools arm embedded/4.9 2014q4/bin/../lib/gcc/arm-none-eabi/4.9.3/armv6-m\libgcc.a(divdf3.o)
 .text          0x00000000       0x88 c:/program files (x86)/gnu tools arm embedded/4.9 2014q4/bin/../lib/gcc/arm-none-eabi/4.9.3/armv6-m\libgcc.a(eqdf2.o)
 .data          0x00000000        0x0 c:/program files (x86)/gnu tools arm embedded/4.9 2014q4/bin/../lib/gcc/arm-none-eabi/4.9.3/armv6-m\libgcc.a(eqdf2.o)
 .bss           0x00000000        0x0 c:/program files (x86)/gnu tools arm embedded/4.9 2014q4/bin/../lib/gcc/arm-none-eabi/4.9.3/armv6-m\libgcc.a(eqdf2.o)
 .debug_frame   0x00000000       0x38 c:/program files (x86)/gnu tools arm embedded/4.9 2014q4/bin/../lib/gcc/arm-none-eabi/4.9.3/armv6-m\libgcc.a(eqdf2.o)
 .ARM.attributes
                0x00000000       0x2c c:/program files (x86)/gnu tools arm embedded/4.9 2014q4/bin/../lib/gcc/arm-none-eabi/4.9.3/armv6-m\libgcc.a(eqdf2.o)
 .text          0x00000000       0xe0 c:/program files (x86)/gnu tools arm embedded/4.9 2014q4/bin/../lib/gcc/arm-none-eabi/4.9.3/armv6-m\libgcc.a(gedf2.o)
 .data          0x00000000        0x0 c:/program files (x86)/gnu tools arm embedded/4.9 2014q4/bin/../lib/gcc/arm-none-eabi/4.9.3/armv6-m\libgcc.a(gedf2.o)
 .bss           0x00000000        0x0 c:/program files (x86)/gnu tools arm embedded/4.9 2014q4/bin/../lib/gcc/arm-none-eabi/4.9.3/armv6-m\libgcc.a(gedf2.o)
 .debug_frame   0x00000000       0x38 c:/program files (x86)/gnu tools arm embedded/4.9 2014q4/bin/../lib/gcc/arm-none-eabi/4.9.3/armv6-m\libgcc.a(gedf2.o)
 .ARM.attributes
                0x00000000       0x2c c:/program files (x86)/gnu tools arm embedded/4.9 2014q4/bin/../lib/gcc/arm-none-eabi/4.9.3/armv6-m\libgcc.a(gedf2.o)
 .text          0x00000000       0xcc c:/program files (x86)/gnu tools arm embedded/4.9 2014q4/bin/../lib/gcc/arm-none-eabi/4.9.3/armv6-m\libgcc.a(ledf2.o)
 .data          0x00000000        0x0 c:/program files (x86)/gnu tools arm embedded/4.9 2014q4/bin/../lib/gcc/arm-none-eabi/4.9.3/armv6-m\libgcc.a(ledf2.o)
 .bss           0x00000000        0x0 c:/program files (x86)/gnu tools arm embedded/4.9 2014q4/bin/../lib/gcc/arm-none-eabi/4.9.3/armv6-m\libgcc.a(ledf2.o)
 .debug_frame   0x00000000       0x38 c:/program files (x86)/gnu tools arm embedded/4.9 2014q4/bin/../lib/gcc/arm-none-eabi/4.9.3/armv6-m\libgcc.a(ledf2.o)
 .ARM.attributes
                0x00000000       0x2c c:/program files (x86)/gnu tools arm embedded/4.9 2014q4/bin/../lib/gcc/arm-none-eabi/4.9.3/armv6-m\libgcc.a(ledf2.o)
 .text          0x00000000      0x534 c:/program files (x86)/gnu tools arm embedded/4.9 2014q4/bin/../lib/gcc/arm-none-eabi/4.9.3/armv6-m\libgcc.a(muldf3.o)
 .data          0x00000000        0x0 c:/program files (x86)/gnu tools arm embedded/4.9 2014q4/bin/../lib/gcc/arm-none-eabi/4.9.3/armv6-m\libgcc.a(muldf3.o)
 .bss           0x00000000        0x0 c:/program files (x86)/gnu tools arm embedded/4.9 2014q4/bin/../lib/gcc/arm-none-eabi/4.9.3/armv6-m\libgcc.a(muldf3.o)
 .rodata        0x00000000       0x40 c:/program files (x86)/gnu tools arm embedded/4.9 2014q4/bin/../lib/gcc/arm-none-eabi/4.9.3/armv6-m\libgcc.a(muldf3.o)
 .debug_frame   0x00000000       0x3c c:/program files (x86)/gnu tools arm embedded/4.9 2014q4/bin/../lib/gcc/arm-none-eabi/4.9.3/armv6-m\libgcc.a(muldf3.o)
 .ARM.attributes
                0x00000000       0x2c c:/program files (x86)/gnu tools arm embedded/4.9 2014q4/bin/../lib/gcc/arm-none-eabi/4.9.3/armv6-m\libgcc.a(muldf3.o)
 .text          0x00000000      0x6f4 c:/program files (x86)/gnu tools arm embedded/4.9 2014q4/bin/../lib/gcc/arm-none-eabi/4.9.3/armv6-m\libgcc.a(subdf3.o)
 .data          0x00000000        0x0 c:/program files (x86)/gnu tools arm embedded/4.9 2014q4/bin/../lib/gcc/arm-none-eabi/4.9.3/armv6-m\libgcc.a(subdf3.o)
 .bss           0x00000000        0x0 c:/program files (x86)/gnu tools arm embedded/4.9 2014q4/bin/../lib/gcc/arm-none-eabi/4.9.3/armv6-m\libgcc.a(subdf3.o)
 .debug_frame   0x00000000       0x3c c:/program files (x86)/gnu tools arm embedded/4.9 2014q4/bin/../lib/gcc/arm-none-eabi/4.9.3/armv6-m\libgcc.a(subdf3.o)
 .ARM.attributes
                0x00000000       0x2c c:/program files (x86)/gnu tools arm embedded/4.9 2014q4/bin/../lib/gcc/arm-none-eabi/4.9.3/armv6-m\libgcc.a(subdf3.o)
 .text          0x00000000       0x6c c:/program files (x86)/gnu tools arm embedded/4.9 2014q4/bin/../lib/gcc/arm-none-eabi/4.9.3/armv6-m\libgcc.a(fixdfsi.o)
 .data          0x00000000        0x0 c:/program files (x86)/gnu tools arm embedded/4.9 2014q4/bin/../lib/gcc/arm-none-eabi/4.9.3/armv6-m\libgcc.a(fixdfsi.o)
 .bss           0x00000000        0x0 c:/program files (x86)/gnu tools arm embedded/4.9 2014q4/bin/../lib/gcc/arm-none-eabi/4.9.3/armv6-m\libgcc.a(fixdfsi.o)
 .debug_frame   0x00000000       0x2c c:/program files (x86)/gnu tools arm embedded/4.9 2014q4/bin/../lib/gcc/arm-none-eabi/4.9.3/armv6-m\libgcc.a(fixdfsi.o)
 .ARM.attributes
                0x00000000       0x2c c:/program files (x86)/gnu tools arm embedded/4.9 2014q4/bin/../lib/gcc/arm-none-eabi/4.9.3/armv6-m\libgcc.a(fixdfsi.o)
 .text          0x00000000       0x64 c:/program files (x86)/gnu tools arm embedded/4.9 2014q4/bin/../lib/gcc/arm-none-eabi/4.9.3/armv6-m\libgcc.a(floatunsidf.o)
 .data          0x00000000        0x0 c:/program files (x86)/gnu tools arm embedded/4.9 2014q4/bin/../lib/gcc/arm-none-eabi/4.9.3/armv6-m\libgcc.a(floatunsidf.o)
 .bss           0x00000000        0x0 c:/program files (x86)/gnu tools arm embedded/4.9 2014q4/bin/../lib/gcc/arm-none-eabi/4.9.3/armv6-m\libgcc.a(floatunsidf.o)
 .debug_frame   0x00000000       0x28 c:/program files (x86)/gnu tools arm embedded/4.9 2014q4/bin/../lib/gcc/arm-none-eabi/4.9.3/armv6-m\libgcc.a(floatunsidf.o)
 .ARM.attributes
                0x00000000       0x2c c:/program files (x86)/gnu tools arm embedded/4.9 2014q4/bin/../lib/gcc/arm-none-eabi/4.9.3/armv6-m\libgcc.a(floatunsidf.o)
 .text          0x00000000       0x3c c:/program files (x86)/gnu tools arm embedded/4.9 2014q4/bin/../lib/gcc/arm-none-eabi/4.9.3/armv6-m\libgcc.a(_clzsi2.o)
 .data          0x00000000        0x0 c:/program files (x86)/gnu tools arm embedded/4.9 2014q4/bin/../lib/gcc/arm-none-eabi/4.9.3/armv6-m\libgcc.a(_clzsi2.o)
 .bss           0x00000000        0x0 c:/program files (x86)/gnu tools arm embedded/4.9 2014q4/bin/../lib/gcc/arm-none-eabi/4.9.3/armv6-m\libgcc.a(_clzsi2.o)
 .ARM.attributes
                0x00000000       0x1e c:/program files (x86)/gnu tools arm embedded/4.9 2014q4/bin/../lib/gcc/arm-none-eabi/4.9.3/armv6-m\libgcc.a(_clzsi2.o)

Memory Configuration

Name             Origin             Length             Attributes
rom              0x08000000         0x00010000         xr
ram              0x20000000         0x00002000         xrw
*default*        0x00000000         0xffffffff

Linker script and memory map

                0x20002000                _eram = 0x20002000

.text           0x08000000     0x20a4
 *(.isr_vector)
 .isr_vector    0x08000000       0xc4 ..\obj\startup_stm32f0xx.o
                0x08000000                g_pfnVectors
 *(.text*)
 .text.RCC_HSICmd
                0x080000c4       0x38 ..\obj\stm32f0xx_rcc.o
                0x080000c4                RCC_HSICmd
 .text.RCC_PLLConfig
                0x080000fc       0x34 ..\obj\stm32f0xx_rcc.o
                0x080000fc                RCC_PLLConfig
 .text.RCC_PLLCmd
                0x08000130       0x40 ..\obj\stm32f0xx_rcc.o
                0x08000130                RCC_PLLCmd
 .text.RCC_SYSCLKConfig
                0x08000170       0x34 ..\obj\stm32f0xx_rcc.o
                0x08000170                RCC_SYSCLKConfig
 .text.RCC_GetSYSCLKSource
                0x080001a4       0x1c ..\obj\stm32f0xx_rcc.o
                0x080001a4                RCC_GetSYSCLKSource
 .text.RCC_HCLKConfig
                0x080001c0       0x34 ..\obj\stm32f0xx_rcc.o
                0x080001c0                RCC_HCLKConfig
 .text.RCC_PCLKConfig
                0x080001f4       0x38 ..\obj\stm32f0xx_rcc.o
                0x080001f4                RCC_PCLKConfig
 .text.RCC_GetClocksFreq
                0x0800022c      0x1cc ..\obj\stm32f0xx_rcc.o
                0x0800022c                RCC_GetClocksFreq
 .text.RCC_AHBPeriphClockCmd
                0x080003f8       0x3c ..\obj\stm32f0xx_rcc.o
                0x080003f8                RCC_AHBPeriphClockCmd
 .text.RCC_APB1PeriphClockCmd
                0x08000434       0x3c ..\obj\stm32f0xx_rcc.o
                0x08000434                RCC_APB1PeriphClockCmd
 .text.RCC_GetFlagStatus
                0x08000470       0x94 ..\obj\stm32f0xx_rcc.o
                0x08000470                RCC_GetFlagStatus
 .text.NVIC_SetPriority
                0x08000504       0xd4 ..\obj\main.o
 .text.RCC_Config
                0x080005d8       0x64 ..\obj\main.o
                0x080005d8                RCC_Config
 .text.SysTick_Config_Mod
                0x0800063c       0x6c ..\obj\main.o
                0x0800063c                SysTick_Config_Mod
 .text.GPIO_Config
                0x080006a8       0xa4 ..\obj\main.o
                0x080006a8                GPIO_Config
 .text.UART_Config
                0x0800074c       0xb8 ..\obj\main.o
                0x0800074c                UART_Config
 .text.SysTick_Handler
                0x08000804       0xe0 ..\obj\main.o
                0x08000804                SysTick_Handler
 .text.play     0x080008e4      0x300 ..\obj\main.o
                0x080008e4                play
 .text.DefinePins
                0x08000be4      0x108 ..\obj\main.o
                0x08000be4                DefinePins
 .text.CheckLine
                0x08000cec      0x15c ..\obj\main.o
                0x08000cec                CheckLine
 .text.CheckAllLines
                0x08000e48       0x38 ..\obj\main.o
                0x08000e48                CheckAllLines
 .text.ReportLastTest
                0x08000e80      0x280 ..\obj\main.o
                0x08000e80                ReportLastTest
 .text.wait_ms  0x08001100       0x24 ..\obj\main.o
                0x08001100                wait_ms
 .text.UARTSendMessage
                0x08001124       0x40 ..\obj\main.o
                0x08001124                UARTSendMessage
 .text.PrepareForConnectionTest
                0x08001164       0x2c ..\obj\main.o
                0x08001164                PrepareForConnectionTest
 .text.main     0x08001190      0x104 ..\obj\main.o
                0x08001190                main
 .text.Reset_Handler
                0x08001294       0x4c ..\obj\startup_stm32f0xx.o
                0x08001294                Reset_Handler
 .text.Default_Handler
                0x080012e0        0x2 ..\obj\startup_stm32f0xx.o
                0x080012e0                TIM1_CC_IRQHandler
                0x080012e0                HardFault_Handler
                0x080012e0                ADC1_COMP_IRQHandler
                0x080012e0                PVD_IRQHandler
                0x080012e0                PendSV_Handler
                0x080012e0                NMI_Handler
                0x080012e0                I2C1_IRQHandler
                0x080012e0                SPI1_IRQHandler
                0x080012e0                TIM6_DAC_IRQHandler
                0x080012e0                EXTI2_3_IRQHandler
                0x080012e0                I2C2_IRQHandler
                0x080012e0                TIM17_IRQHandler
                0x080012e0                RTC_IRQHandler
                0x080012e0                TIM16_IRQHandler
                0x080012e0                TIM3_IRQHandler
                0x080012e0                EXTI4_15_IRQHandler
                0x080012e0                RCC_IRQHandler
                0x080012e0                DMA1_Channel1_IRQHandler
                0x080012e0                Default_Handler
                0x080012e0                CEC_IRQHandler
                0x080012e0                TIM14_IRQHandler
                0x080012e0                DMA1_Channel4_5_IRQHandler
                0x080012e0                TIM15_IRQHandler
                0x080012e0                EXTI0_1_IRQHandler
                0x080012e0                SPI2_IRQHandler
                0x080012e0                SVC_Handler
                0x080012e0                TS_IRQHandler
                0x080012e0                WWDG_IRQHandler
                0x080012e0                TIM2_IRQHandler
                0x080012e0                DMA1_Channel2_3_IRQHandler
                0x080012e0                USART2_IRQHandler
                0x080012e0                FLASH_IRQHandler
                0x080012e0                USART1_IRQHandler
                0x080012e0                TIM1_BRK_UP_TRG_COM_IRQHandler
 *fill*         0x080012e2        0x2 
 .text.lcd_writenibble
                0x080012e4       0x88 ..\obj\hd44780.o
                0x080012e4                lcd_writenibble
 .text.LCD_ReadNibble
                0x0800136c       0xa4 ..\obj\hd44780.o
                0x0800136c                LCD_ReadNibble
 .text.LCD_ReadStatus
                0x08001410       0xa0 ..\obj\hd44780.o
                0x08001410                LCD_ReadStatus
 .text.LCDSendByte
                0x080014b0       0x64 ..\obj\hd44780.o
                0x080014b0                LCDSendByte
 .text.LCDAddress
                0x08001514       0x54 ..\obj\hd44780.o
                0x08001514                LCDAddress
 .text.LCDOutString
                0x08001568       0x28 ..\obj\hd44780.o
                0x08001568                LCDOutString
 .text.LCDXY    0x08001590       0x74 ..\obj\hd44780.o
                0x08001590                LCDXY
 .text.LCDInit  0x08001604       0xf8 ..\obj\hd44780.o
                0x08001604                LCDInit
 .text.LCDClear
                0x080016fc       0x10 ..\obj\hd44780.o
                0x080016fc                LCDClear
 .text.SystemInit1
                0x0800170c       0x8c ..\obj\system_stm32f0xx_temp.o
                0x0800170c                SystemInit
                0x0800170c                SystemInit1
 .text.SetSysClock1
                0x08001798       0xe0 ..\obj\system_stm32f0xx_temp.o
                0x08001798                SetSysClock
 .text.GPIO_Init
                0x08001878      0x124 ..\obj\stm32f0xx_gpio.o
                0x08001878                GPIO_Init
 .text.GPIO_ReadInputDataBit
                0x0800199c       0x48 ..\obj\stm32f0xx_gpio.o
                0x0800199c                GPIO_ReadInputDataBit
 .text.GPIO_ReadOutputDataBit
                0x080019e4       0x48 ..\obj\stm32f0xx_gpio.o
                0x080019e4                GPIO_ReadOutputDataBit
 .text.GPIO_ResetBits
                0x08001a2c       0x1c ..\obj\stm32f0xx_gpio.o
                0x08001a2c                GPIO_ResetBits
 .text.GPIO_WriteBit
                0x08001a48       0x38 ..\obj\stm32f0xx_gpio.o
                0x08001a48                GPIO_WriteBit
 .text.GPIO_PinAFConfig
                0x08001a80       0xa0 ..\obj\stm32f0xx_gpio.o
                0x08001a80                GPIO_PinAFConfig
 .text.USART_Init
                0x08001b20      0x15c ..\obj\stm32f0xx_usart.o
                0x08001b20                USART_Init
 .text.USART_Cmd
                0x08001c7c       0x38 ..\obj\stm32f0xx_usart.o
                0x08001c7c                USART_Cmd
 .text.USART_SendData
                0x08001cb4       0x24 ..\obj\stm32f0xx_usart.o
                0x08001cb4                USART_SendData
 .text.USART_GetFlagStatus
                0x08001cd8       0x3c ..\obj\stm32f0xx_usart.o
                0x08001cd8                USART_GetFlagStatus
 .text.FLASH_SetLatency
                0x08001d14       0x34 ..\obj\stm32f0xx_flash.o
                0x08001d14                FLASH_SetLatency
 .text.FLASH_PrefetchBufferCmd
                0x08001d48       0x38 ..\obj\stm32f0xx_flash.o
                0x08001d48                FLASH_PrefetchBufferCmd
 .text          0x08001d80      0x120 c:/program files (x86)/gnu tools arm embedded/4.9 2014q4/bin/../lib/gcc/arm-none-eabi/4.9.3/armv6-m\libgcc.a(_udivsi3.o)
                0x08001d80                __aeabi_uidiv
                0x08001d80                __udivsi3
                0x08001e8c                __aeabi_uidivmod
 .text          0x08001ea0        0x4 c:/program files (x86)/gnu tools arm embedded/4.9 2014q4/bin/../lib/gcc/arm-none-eabi/4.9.3/armv6-m\libgcc.a(_dvmd_tls.o)
                0x08001ea0                __aeabi_idiv0
                0x08001ea0                __aeabi_ldiv0
 *(.init)
 *(.fini)
 *crtbegin.o(.ctors)
 *crtbegin?.o(.ctors)
 *(EXCLUDE_FILE(*crtend.o *crtend?.o) .ctors)
 *(SORT(.ctors.*))
 *(.ctors)
 *crtbegin.o(.dtors)
 *crtbegin?.o(.dtors)
 *(EXCLUDE_FILE(*crtend.o *crtend?.o) .dtors)
 *(SORT(.dtors.*))
 *(.dtors)
 *(.rodata*)
 .rodata        0x08001ea4      0x200 ..\obj\main.o
 *(.eh_fram e*)

.glue_7         0x080020a4        0x0
 .glue_7        0x00000000        0x0 linker stubs

.glue_7t        0x080020a4        0x0
 .glue_7t       0x00000000        0x0 linker stubs

.vfp11_veneer   0x080020a4        0x0
 .vfp11_veneer  0x00000000        0x0 linker stubs

.v4_bx          0x080020a4        0x0
 .v4_bx         0x00000000        0x0 linker stubs

.iplt           0x080020a4        0x0
 .iplt          0x00000000        0x0 ..\obj\stm32f0xx_rcc.o

.rel.dyn        0x080020a4        0x0
 .rel.iplt      0x00000000        0x0 ..\obj\stm32f0xx_rcc.o

.ARM.extab
 *(.ARM.extab* .gnu.linkonce.armextab.*)
                0x080020a4                __exidx_start = .

.ARM.exidx
 *(.ARM.exidx* .gnu.linkonce.armexidx.*)
                0x080020a4                __exidx_end = .
                0x080020a4                __etext = .
                0x080020a4                _sidata = __etext

.data           0x20000000      0x110 load address 0x080020a4
                0x20000000                __data_start__ = .
                0x20000000                _sdata = __data_start__
 *(vtable)
 *(.data*)
 .data          0x20000000       0x10 ..\obj\stm32f0xx_rcc.o
 .data          0x20000010      0x100 ..\obj\main.o
                0x20000010                logic_table
                0x20000110                . = ALIGN (0x4)
                0x20000110                PROVIDE (__preinit_array_start, .)
 *(.preinit_array)
                0x20000110                PROVIDE (__preinit_array_end, .)
                0x20000110                . = ALIGN (0x4)
                0x20000110                PROVIDE (__init_array_start, .)
 *(SORT(.init_array.*))
 *(.init_array)
                0x20000110                PROVIDE (__init_array_end, .)
                0x20000110                . = ALIGN (0x4)
                0x20000110                PROVIDE (__fini_array_start, .)
 *(SORT(.fini_array.*))
 *(.fini_array)
                0x20000110                PROVIDE (__fini_array_end, .)
 *(.jcr*)
                0x20000110                . = ALIGN (0x4)
                0x20000110                __data_end__ = .
                0x20000110                _edata = __data_end__

.igot.plt       0x20000110        0x0 load address 0x080021b4
 .igot.plt      0x00000000        0x0 ..\obj\stm32f0xx_rcc.o

.bss            0x20000110       0xa0 load address 0x080021b4
                0x20000110                . = ALIGN (0x4)
                0x20000110                __bss_start__ = .
                0x20000110                _sbss = __bss_start__
 *(.bss*)
 .bss           0x20000110       0x14 ..\obj\main.o
                0x20000110                systick_counter
                0x20000114                button_check_counter
                0x20000118                previous_button_state
                0x20000119                current_button_state
                0x2000011a                button_pressed_flag
                0x2000011c                button_pressed_counter
                0x20000120                second_counter
 *(COMMON)
 COMMON         0x20000124       0x83 ..\obj\main.o
                0x20000124                pins_to_check
                0x200001a4                errors
 *fill*         0x200001a7        0x1 
 COMMON         0x200001a8        0x8 ..\obj\hd44780.o
                0x200001a8                GPIO_InitStructure
                0x200001b0                . = ALIGN (0x4)
                0x200001b0                __bss_end__ = .
                0x200001b0                _ebss = __bss_end__

.heap           0x200001b0        0x0
                0x200001b0                __end__ = .
                0x200001b0                _end = __end__
                0x200001b0                end = __end__
 *(.heap*)
                0x200001b0                __HeapLimit = .

.co_stack       0x200001b0        0x0
                0x200001b0                . = ALIGN (0x8)
 *(.co_stack .co_stack.*)
                0x20002000                __StackTop = (ORIGIN (ram) + 0x2000)
                0x20002000                __StackLimit = (__StackTop - SIZEOF (.co_stack))
                0x20002000                PROVIDE (__stack, __StackTop)
                0x00000001                ASSERT ((__StackLimit >= __HeapLimit), region ram  overflowed with stack)
LOAD ..\obj\stm32f0xx_rcc.o
LOAD ..\obj\main.o
LOAD ..\obj\startup_stm32f0xx.o
LOAD ..\obj\hd44780.o
LOAD ..\obj\system_stm32f0xx_temp.o
LOAD ..\obj\stm32f0xx_gpio.o
LOAD ..\obj\stm32f0xx_usart.o
LOAD ..\obj\stm32f0xx_tim.o
LOAD ..\obj\stm32f0xx_flash.o
LOAD ..\obj\stm32f0xx_exti.o
LOAD ..\obj\stm32f0xx_misc.o
START GROUP
LOAD c:/program files (x86)/gnu tools arm embedded/4.9 2014q4/bin/../lib/gcc/arm-none-eabi/4.9.3/armv6-m\libgcc.a
LOAD c:/program files (x86)/gnu tools arm embedded/4.9 2014q4/bin/../lib/gcc/arm-none-eabi/4.9.3/../../../../arm-none-eabi/lib/armv6-m\libg.a
LOAD c:/program files (x86)/gnu tools arm embedded/4.9 2014q4/bin/../lib/gcc/arm-none-eabi/4.9.3/../../../../arm-none-eabi/lib/armv6-m\libc.a
END GROUP
OUTPUT(xCarriageJig.elf elf32-littlearm)

.debug_info     0x00000000     0x3dbb
 .debug_info    0x00000000      0x99a ..\obj\stm32f0xx_rcc.o
 .debug_info    0x0000099a      0xadd ..\obj\main.o
 .debug_info    0x00001477       0xb0 ..\obj\startup_stm32f0xx.o
 .debug_info    0x00001527      0xa1e ..\obj\hd44780.o
 .debug_info    0x00001f45      0x2ef ..\obj\system_stm32f0xx_temp.o
 .debug_info    0x00002234      0x5cf ..\obj\stm32f0xx_gpio.o
 .debug_info    0x00002803      0xe2e ..\obj\stm32f0xx_usart.o
 .debug_info    0x00003631      0x78a ..\obj\stm32f0xx_flash.o

.debug_abbrev   0x00000000      0xced
 .debug_abbrev  0x00000000      0x1ec ..\obj\stm32f0xx_rcc.o
 .debug_abbrev  0x000001ec      0x313 ..\obj\main.o
 .debug_abbrev  0x000004ff       0x12 ..\obj\startup_stm32f0xx.o
 .debug_abbrev  0x00000511      0x1da ..\obj\hd44780.o
 .debug_abbrev  0x000006eb      0x134 ..\obj\system_stm32f0xx_temp.o
 .debug_abbrev  0x0000081f      0x19b ..\obj\stm32f0xx_gpio.o
 .debug_abbrev  0x000009ba      0x15c ..\obj\stm32f0xx_usart.o
 .debug_abbrev  0x00000b16      0x1d7 ..\obj\stm32f0xx_flash.o

.debug_aranges  0x00000000      0x640
 .debug_aranges
                0x00000000      0x150 ..\obj\stm32f0xx_rcc.o
 .debug_aranges
                0x00000150       0xb8 ..\obj\main.o
 .debug_aranges
                0x00000208       0x28 ..\obj\startup_stm32f0xx.o
 .debug_aranges
                0x00000230       0xc0 ..\obj\hd44780.o
 .debug_aranges
                0x000002f0       0x30 ..\obj\system_stm32f0xx_temp.o
 .debug_aranges
                0x00000320       0x80 ..\obj\stm32f0xx_gpio.o
 .debug_aranges
                0x000003a0      0x1a0 ..\obj\stm32f0xx_usart.o
 .debug_aranges
                0x00000540      0x100 ..\obj\stm32f0xx_flash.o

.debug_ranges   0x00000000      0x5c8
 .debug_ranges  0x00000000      0x140 ..\obj\stm32f0xx_rcc.o
 .debug_ranges  0x00000140       0xa8 ..\obj\main.o
 .debug_ranges  0x000001e8       0x20 ..\obj\startup_stm32f0xx.o
 .debug_ranges  0x00000208       0xb0 ..\obj\hd44780.o
 .debug_ranges  0x000002b8       0x20 ..\obj\system_stm32f0xx_temp.o
 .debug_ranges  0x000002d8       0x70 ..\obj\stm32f0xx_gpio.o
 .debug_ranges  0x00000348      0x190 ..\obj\stm32f0xx_usart.o
 .debug_ranges  0x000004d8       0xf0 ..\obj\stm32f0xx_flash.o

.debug_line     0x00000000     0x2128
 .debug_line    0x00000000      0x516 ..\obj\stm32f0xx_rcc.o
 .debug_line    0x00000516      0x540 ..\obj\main.o
 .debug_line    0x00000a56       0xaf ..\obj\startup_stm32f0xx.o
 .debug_line    0x00000b05      0x71f ..\obj\hd44780.o
 .debug_line    0x00001224      0x1c4 ..\obj\system_stm32f0xx_temp.o
 .debug_line    0x000013e8      0x2ee ..\obj\stm32f0xx_gpio.o
 .debug_line    0x000016d6      0x5d5 ..\obj\stm32f0xx_usart.o
 .debug_line    0x00001cab      0x47d ..\obj\stm32f0xx_flash.o

.debug_str      0x00000000     0x1b51
 .debug_str     0x00000000      0x68f ..\obj\stm32f0xx_rcc.o
                                0x728 (size before relaxing)
 .debug_str     0x0000068f      0x6db ..\obj\main.o
                                0x846 (size before relaxing)
 .debug_str     0x00000d6a      0x1c7 ..\obj\hd44780.o
                                0x500 (size before relaxing)
 .debug_str     0x00000f31       0xae ..\obj\system_stm32f0xx_temp.o
                                0x29f (size before relaxing)
 .debug_str     0x00000fdf      0x17d ..\obj\stm32f0xx_gpio.o
                                0x48f (size before relaxing)
 .debug_str     0x0000115c      0x666 ..\obj\stm32f0xx_usart.o
                                0x956 (size before relaxing)
 .debug_str     0x000017c2      0x38f ..\obj\stm32f0xx_flash.o
                                0x57b (size before relaxing)

.comment        0x00000000       0x70
 .comment       0x00000000       0x70 ..\obj\stm32f0xx_rcc.o
                                 0x71 (size before relaxing)
 .comment       0x00000000       0x71 ..\obj\main.o
 .comment       0x00000000       0x71 ..\obj\hd44780.o
 .comment       0x00000000       0x71 ..\obj\system_stm32f0xx_temp.o
 .comment       0x00000000       0x71 ..\obj\stm32f0xx_gpio.o
 .comment       0x00000000       0x71 ..\obj\stm32f0xx_usart.o
 .comment       0x00000000       0x71 ..\obj\stm32f0xx_flash.o

.ARM.attributes
                0x00000000       0x2f
 .ARM.attributes
                0x00000000       0x31 ..\obj\stm32f0xx_rcc.o
 .ARM.attributes
                0x00000031       0x31 ..\obj\main.o
 .ARM.attributes
                0x00000062       0x21 ..\obj\startup_stm32f0xx.o
 .ARM.attributes
                0x00000083       0x31 ..\obj\hd44780.o
 .ARM.attributes
                0x000000b4       0x31 ..\obj\system_stm32f0xx_temp.o
 .ARM.attributes
                0x000000e5       0x31 ..\obj\stm32f0xx_gpio.o
 .ARM.attributes
                0x00000116       0x31 ..\obj\stm32f0xx_usart.o
 .ARM.attributes
                0x00000147       0x31 ..\obj\stm32f0xx_flash.o
 .ARM.attributes
                0x00000178       0x1e c:/program files (x86)/gnu tools arm embedded/4.9 2014q4/bin/../lib/gcc/arm-none-eabi/4.9.3/armv6-m\libgcc.a(_udivsi3.o)
 .ARM.attributes
                0x00000196       0x1e c:/program files (x86)/gnu tools arm embedded/4.9 2014q4/bin/../lib/gcc/arm-none-eabi/4.9.3/armv6-m\libgcc.a(_dvmd_tls.o)

.debug_frame    0x00000000     0x15f0
 .debug_frame   0x00000000      0x4e4 ..\obj\stm32f0xx_rcc.o
 .debug_frame   0x000004e4      0x268 ..\obj\main.o
 .debug_frame   0x0000074c      0x2a4 ..\obj\hd44780.o
 .debug_frame   0x000009f0       0x6c ..\obj\system_stm32f0xx_temp.o
 .debug_frame   0x00000a5c      0x1b0 ..\obj\stm32f0xx_gpio.o
 .debug_frame   0x00000c0c      0x630 ..\obj\stm32f0xx_usart.o
 .debug_frame   0x0000123c      0x394 ..\obj\stm32f0xx_flash.o
 .debug_frame   0x000015d0       0x20 c:/program files (x86)/gnu tools arm embedded/4.9 2014q4/bin/../lib/gcc/arm-none-eabi/4.9.3/armv6-m\libgcc.a(_udivsi3.o)
